
################################################################################
Run started: 2026-07-26T11:27:32
Config: /data/home/zhaohaoran/kepler/newton-kepler/configs/basic.yaml
Run name: mlp_sweep
Output directory: /data/home/zhaohaoran/kepler/newton-kepler/outputs/mlp_sweep
Requested physical GPU: 1
CUDA_VISIBLE_DEVICES: 1
PyTorch device: cuda
Visible CUDA devices: 1
Active CUDA device name: NVIDIA H200

================================================================================
[1/4] Starting block_50_noise_0.1_loss_all_mlp_mult_2_seed_1.npz
================================================================================

================================================================================
Training model: block_size=50, noise_scale=0.1, lr=0.001, weight_decay=0.0, n_layer=1, n_head=1, n_embd=32, num_trajectories=10000, loss_mask=all
================================================================================
Loading Kepler orbit trajectories from data_cv...
Loading 20,000 trajectories from 2 chunks...
Loaded 20,000 trajectories from chunks
Trajectories shape: (20000, 100, 2)
Position range: x=[-3.536, 3.517], y=[-3.444, 3.481]

Split: 10000 training trajectories, 10000 test trajectories

Block size (50) < num_points_per_trajectory (100)
Chopping trajectories into sequences...
Randomly selecting 2 sequences per trajectory (instead of all sliding windows)
Train sequences: 20000, Test sequences: 20000

Train input shape: torch.Size([20000, 50, 2]), Train target shape: torch.Size([20000, 1, 2])
Test input shape: torch.Size([20000, 50, 2]), Test target shape: torch.Size([20000, 1, 2])

Setting up model...
number of parameters: 0.004482M
After model setup: GPU Memory - Allocated: 0.000 GB, Reserved: 0.002 GB, Max Allocated: 0.000 GB
Initial train loss: 0.958446, Initial test loss: 0.970770
Train predictions shape: torch.Size([128, 50, 2])
After initial forward pass: GPU Memory - Allocated: 0.031 GB, Reserved: 0.057 GB, Max Allocated: 0.037 GB
Effective training batch size: 256

Training model with periodic evaluation...
Initial: GPU Memory - Allocated: 0.031 GB, Reserved: 0.057 GB, Max Allocated: 0.031 GB
Step 1, MSE: 1.038836, Total Loss: 1.038836, Test Loss: 0.917210, GPU Memory: 0.063 GB

Evaluating at step 5...
After evaluation at step 5: GPU Memory - Allocated: 0.064 GB, Reserved: 1.697 GB, Max Allocated: 1.464 GB
Evaluation at step 5 completed.


Evaluating at step 10...
After evaluation at step 10: GPU Memory - Allocated: 0.064 GB, Reserved: 1.697 GB, Max Allocated: 1.464 GB
Evaluation at step 10 completed.


Evaluating at step 15...
After evaluation at step 15: GPU Memory - Allocated: 0.064 GB, Reserved: 1.697 GB, Max Allocated: 1.464 GB
Evaluation at step 15 completed.


Evaluating at step 20...
After evaluation at step 20: GPU Memory - Allocated: 0.064 GB, Reserved: 1.697 GB, Max Allocated: 1.464 GB
Evaluation at step 20 completed.


Evaluating at step 25...
After evaluation at step 25: GPU Memory - Allocated: 0.064 GB, Reserved: 1.697 GB, Max Allocated: 1.464 GB
Evaluation at step 25 completed.


Evaluating at step 30...
After evaluation at step 30: GPU Memory - Allocated: 0.064 GB, Reserved: 1.697 GB, Max Allocated: 1.464 GB
Evaluation at step 30 completed.


Evaluating at step 35...
After evaluation at step 35: GPU Memory - Allocated: 0.064 GB, Reserved: 1.697 GB, Max Allocated: 1.464 GB
Evaluation at step 35 completed.


Evaluating at step 40...
After evaluation at step 40: GPU Memory - Allocated: 0.064 GB, Reserved: 1.697 GB, Max Allocated: 1.464 GB
Evaluation at step 40 completed.


Evaluating at step 45...
After evaluation at step 45: GPU Memory - Allocated: 0.064 GB, Reserved: 1.697 GB, Max Allocated: 1.464 GB
Evaluation at step 45 completed.


Evaluating at step 50...
After evaluation at step 50: GPU Memory - Allocated: 0.064 GB, Reserved: 1.697 GB, Max Allocated: 1.464 GB
Evaluation at step 50 completed.


Evaluating at step 55...
After evaluation at step 55: GPU Memory - Allocated: 0.064 GB, Reserved: 1.697 GB, Max Allocated: 1.464 GB
Evaluation at step 55 completed.


Evaluating at step 60...
After evaluation at step 60: GPU Memory - Allocated: 0.064 GB, Reserved: 1.697 GB, Max Allocated: 1.464 GB
Evaluation at step 60 completed.


Evaluating at step 65...
After evaluation at step 65: GPU Memory - Allocated: 0.064 GB, Reserved: 1.697 GB, Max Allocated: 1.464 GB
Evaluation at step 65 completed.


Evaluating at step 70...
After evaluation at step 70: GPU Memory - Allocated: 0.064 GB, Reserved: 1.697 GB, Max Allocated: 1.464 GB
Evaluation at step 70 completed.


Evaluating at step 75...
After evaluation at step 75: GPU Memory - Allocated: 0.064 GB, Reserved: 1.697 GB, Max Allocated: 1.464 GB
Evaluation at step 75 completed.


Evaluating at step 80...
After evaluation at step 80: GPU Memory - Allocated: 0.064 GB, Reserved: 1.697 GB, Max Allocated: 1.464 GB
Evaluation at step 80 completed.


Evaluating at step 85...
After evaluation at step 85: GPU Memory - Allocated: 0.064 GB, Reserved: 1.697 GB, Max Allocated: 1.464 GB
Evaluation at step 85 completed.


Evaluating at step 90...
After evaluation at step 90: GPU Memory - Allocated: 0.064 GB, Reserved: 1.697 GB, Max Allocated: 1.464 GB
Evaluation at step 90 completed.


Evaluating at step 95...
After evaluation at step 95: GPU Memory - Allocated: 0.064 GB, Reserved: 1.697 GB, Max Allocated: 1.464 GB
Evaluation at step 95 completed.


Evaluating at step 100...
After evaluation at step 100: GPU Memory - Allocated: 0.064 GB, Reserved: 1.697 GB, Max Allocated: 1.464 GB
Evaluation at step 100 completed.

Step 101, MSE: 0.020053, Total Loss: 0.020053, Test Loss: 0.014635, GPU Memory: 0.063 GB

Evaluating at step 105...
After evaluation at step 105: GPU Memory - Allocated: 0.064 GB, Reserved: 1.697 GB, Max Allocated: 1.464 GB
Evaluation at step 105 completed.


Evaluating at step 110...
After evaluation at step 110: GPU Memory - Allocated: 0.064 GB, Reserved: 1.697 GB, Max Allocated: 1.464 GB
Evaluation at step 110 completed.


Evaluating at step 115...
After evaluation at step 115: GPU Memory - Allocated: 0.064 GB, Reserved: 1.697 GB, Max Allocated: 1.464 GB
Evaluation at step 115 completed.


Evaluating at step 120...
After evaluation at step 120: GPU Memory - Allocated: 0.064 GB, Reserved: 1.697 GB, Max Allocated: 1.464 GB
Evaluation at step 120 completed.


Evaluating at step 125...
After evaluation at step 125: GPU Memory - Allocated: 0.064 GB, Reserved: 1.697 GB, Max Allocated: 1.464 GB
Evaluation at step 125 completed.


Evaluating at step 130...
After evaluation at step 130: GPU Memory - Allocated: 0.064 GB, Reserved: 1.697 GB, Max Allocated: 1.464 GB
Evaluation at step 130 completed.


Evaluating at step 135...
After evaluation at step 135: GPU Memory - Allocated: 0.064 GB, Reserved: 1.697 GB, Max Allocated: 1.464 GB
Evaluation at step 135 completed.


Evaluating at step 140...
After evaluation at step 140: GPU Memory - Allocated: 0.064 GB, Reserved: 1.697 GB, Max Allocated: 1.464 GB
Evaluation at step 140 completed.


Evaluating at step 145...
After evaluation at step 145: GPU Memory - Allocated: 0.064 GB, Reserved: 1.697 GB, Max Allocated: 1.464 GB
Evaluation at step 145 completed.


Evaluating at step 150...
After evaluation at step 150: GPU Memory - Allocated: 0.064 GB, Reserved: 1.697 GB, Max Allocated: 1.464 GB
Evaluation at step 150 completed.


Evaluating at step 155...
After evaluation at step 155: GPU Memory - Allocated: 0.064 GB, Reserved: 1.697 GB, Max Allocated: 1.464 GB
Evaluation at step 155 completed.


Evaluating at step 160...
After evaluation at step 160: GPU Memory - Allocated: 0.064 GB, Reserved: 1.697 GB, Max Allocated: 1.464 GB
Evaluation at step 160 completed.


Evaluating at step 165...
After evaluation at step 165: GPU Memory - Allocated: 0.064 GB, Reserved: 1.697 GB, Max Allocated: 1.464 GB
Evaluation at step 165 completed.


Evaluating at step 170...
After evaluation at step 170: GPU Memory - Allocated: 0.064 GB, Reserved: 1.697 GB, Max Allocated: 1.464 GB
Evaluation at step 170 completed.


Evaluating at step 175...
After evaluation at step 175: GPU Memory - Allocated: 0.064 GB, Reserved: 1.697 GB, Max Allocated: 1.464 GB
Evaluation at step 175 completed.


Evaluating at step 180...
After evaluation at step 180: GPU Memory - Allocated: 0.064 GB, Reserved: 1.697 GB, Max Allocated: 1.464 GB
Evaluation at step 180 completed.


Evaluating at step 185...
After evaluation at step 185: GPU Memory - Allocated: 0.064 GB, Reserved: 1.697 GB, Max Allocated: 1.464 GB
Evaluation at step 185 completed.


Evaluating at step 190...
After evaluation at step 190: GPU Memory - Allocated: 0.064 GB, Reserved: 1.697 GB, Max Allocated: 1.464 GB
Evaluation at step 190 completed.


Evaluating at step 195...
After evaluation at step 195: GPU Memory - Allocated: 0.064 GB, Reserved: 1.697 GB, Max Allocated: 1.464 GB
Evaluation at step 195 completed.


Evaluating at step 200...
After evaluation at step 200: GPU Memory - Allocated: 0.064 GB, Reserved: 1.697 GB, Max Allocated: 1.464 GB
Evaluation at step 200 completed.

Step 201, MSE: 0.014601, Total Loss: 0.014601, Test Loss: 0.008949, GPU Memory: 0.063 GB

Evaluating at step 300...
After evaluation at step 300: GPU Memory - Allocated: 0.064 GB, Reserved: 1.697 GB, Max Allocated: 1.464 GB
Evaluation at step 300 completed.

Step 301, MSE: 0.014961, Total Loss: 0.014961, Test Loss: 0.006311, GPU Memory: 0.063 GB

Evaluating at step 400...
After evaluation at step 400: GPU Memory - Allocated: 0.064 GB, Reserved: 1.697 GB, Max Allocated: 1.464 GB
Evaluation at step 400 completed.

Step 401, MSE: 0.013944, Total Loss: 0.013944, Test Loss: 0.007681, GPU Memory: 0.063 GB

Evaluating at step 500...
After evaluation at step 500: GPU Memory - Allocated: 0.064 GB, Reserved: 1.697 GB, Max Allocated: 1.464 GB
Evaluation at step 500 completed.

Step 501, MSE: 0.015337, Total Loss: 0.015337, Test Loss: 0.006288, GPU Memory: 0.063 GB

Evaluating at step 600...
After evaluation at step 600: GPU Memory - Allocated: 0.064 GB, Reserved: 1.697 GB, Max Allocated: 1.464 GB
Evaluation at step 600 completed.

Step 601, MSE: 0.015589, Total Loss: 0.015589, Test Loss: 0.005417, GPU Memory: 0.063 GB

Evaluating at step 700...
After evaluation at step 700: GPU Memory - Allocated: 0.064 GB, Reserved: 1.697 GB, Max Allocated: 1.464 GB
Evaluation at step 700 completed.

Step 701, MSE: 0.014163, Total Loss: 0.014163, Test Loss: 0.004912, GPU Memory: 0.063 GB

Evaluating at step 800...
After evaluation at step 800: GPU Memory - Allocated: 0.064 GB, Reserved: 1.697 GB, Max Allocated: 1.464 GB
Evaluation at step 800 completed.

Step 801, MSE: 0.014165, Total Loss: 0.014165, Test Loss: 0.004166, GPU Memory: 0.063 GB

Evaluating at step 900...
After evaluation at step 900: GPU Memory - Allocated: 0.064 GB, Reserved: 1.697 GB, Max Allocated: 1.464 GB
Evaluation at step 900 completed.

Step 901, MSE: 0.013424, Total Loss: 0.013424, Test Loss: 0.004831, GPU Memory: 0.063 GB

Evaluating at step 1000...
After evaluation at step 1000: GPU Memory - Allocated: 0.064 GB, Reserved: 1.697 GB, Max Allocated: 1.464 GB
Evaluation at step 1000 completed.

Step 1001, MSE: 0.015430, Total Loss: 0.015430, Test Loss: 0.004884, GPU Memory: 0.063 GB

Evaluating at step 1100...
After evaluation at step 1100: GPU Memory - Allocated: 0.064 GB, Reserved: 1.697 GB, Max Allocated: 1.464 GB
Evaluation at step 1100 completed.

Step 1101, MSE: 0.013336, Total Loss: 0.013336, Test Loss: 0.004370, GPU Memory: 0.063 GB

Evaluating at step 1200...
After evaluation at step 1200: GPU Memory - Allocated: 0.064 GB, Reserved: 1.697 GB, Max Allocated: 1.464 GB
Evaluation at step 1200 completed.

Step 1201, MSE: 0.013039, Total Loss: 0.013039, Test Loss: 0.003840, GPU Memory: 0.063 GB

Evaluating at step 1300...
After evaluation at step 1300: GPU Memory - Allocated: 0.064 GB, Reserved: 1.697 GB, Max Allocated: 1.464 GB
Evaluation at step 1300 completed.

Step 1301, MSE: 0.013428, Total Loss: 0.013428, Test Loss: 0.004192, GPU Memory: 0.063 GB

Evaluating at step 1400...
After evaluation at step 1400: GPU Memory - Allocated: 0.064 GB, Reserved: 1.697 GB, Max Allocated: 1.464 GB
Evaluation at step 1400 completed.

Step 1401, MSE: 0.015028, Total Loss: 0.015028, Test Loss: 0.003912, GPU Memory: 0.063 GB

Evaluating at step 1500...
After evaluation at step 1500: GPU Memory - Allocated: 0.064 GB, Reserved: 1.697 GB, Max Allocated: 1.464 GB
Evaluation at step 1500 completed.

Step 1501, MSE: 0.015016, Total Loss: 0.015016, Test Loss: 0.003604, GPU Memory: 0.063 GB

Evaluating at step 1600...
After evaluation at step 1600: GPU Memory - Allocated: 0.064 GB, Reserved: 1.697 GB, Max Allocated: 1.464 GB
Evaluation at step 1600 completed.

Step 1601, MSE: 0.015317, Total Loss: 0.015317, Test Loss: 0.004540, GPU Memory: 0.063 GB

Evaluating at step 1700...
After evaluation at step 1700: GPU Memory - Allocated: 0.064 GB, Reserved: 1.697 GB, Max Allocated: 1.464 GB
Evaluation at step 1700 completed.

Step 1701, MSE: 0.014899, Total Loss: 0.014899, Test Loss: 0.003535, GPU Memory: 0.063 GB

Evaluating at step 1800...
After evaluation at step 1800: GPU Memory - Allocated: 0.064 GB, Reserved: 1.697 GB, Max Allocated: 1.464 GB
Evaluation at step 1800 completed.

Step 1801, MSE: 0.013541, Total Loss: 0.013541, Test Loss: 0.003214, GPU Memory: 0.063 GB

Evaluating at step 1900...
After evaluation at step 1900: GPU Memory - Allocated: 0.064 GB, Reserved: 1.697 GB, Max Allocated: 1.464 GB
Evaluation at step 1900 completed.

Step 1901, MSE: 0.012977, Total Loss: 0.012977, Test Loss: 0.004137, GPU Memory: 0.063 GB

Evaluating at step 2000...
After evaluation at step 2000: GPU Memory - Allocated: 0.064 GB, Reserved: 1.697 GB, Max Allocated: 1.464 GB
Evaluation at step 2000 completed.

Final: GPU Memory - Allocated: 0.064 GB, Reserved: 1.697 GB, Max Allocated: 1.464 GB
Final memory stats: {'initial': {'allocated_gb': 0.031279563903808594, 'reserved_gb': 0.056640625, 'max_allocated_gb': 0.031279563903808594}, 'final': {'allocated_gb': 0.06447553634643555, 'reserved_gb': 1.697265625, 'max_allocated_gb': 1.4642958641052246}, 'peak': {'allocated_gb': 0.06447553634643555, 'reserved_gb': 1.697265625, 'max_allocated_gb': 1.4642958641052246}}

Training completed!
After training: GPU Memory - Allocated: 0.063 GB, Reserved: 0.084 GB, Max Allocated: 1.464 GB

Memory Summary:
  Initial: 0.031 GB
  Final: 0.064 GB
  Peak: 1.464 GB
  Memory increase: 0.033 GB
Saved result to: outputs/mlp_sweep/results/block_50_noise_0.1_loss_all_mlp_mult_2_seed_1.npz

================================================================================
[2/4] Starting block_50_noise_0.1_loss_all_mlp_mult_4_seed_1.npz
================================================================================

================================================================================
Training model: block_size=50, noise_scale=0.1, lr=0.001, weight_decay=0.0, n_layer=1, n_head=1, n_embd=32, num_trajectories=10000, loss_mask=all
================================================================================
Loading Kepler orbit trajectories from data_cv...
Loading 20,000 trajectories from 2 chunks...
Loaded 20,000 trajectories from chunks
Trajectories shape: (20000, 100, 2)
Position range: x=[-3.536, 3.517], y=[-3.444, 3.481]

Split: 10000 training trajectories, 10000 test trajectories

Block size (50) < num_points_per_trajectory (100)
Chopping trajectories into sequences...
Randomly selecting 2 sequences per trajectory (instead of all sliding windows)
Train sequences: 20000, Test sequences: 20000

Train input shape: torch.Size([20000, 50, 2]), Train target shape: torch.Size([20000, 1, 2])
Test input shape: torch.Size([20000, 50, 2]), Test target shape: torch.Size([20000, 1, 2])

Setting up model...
number of parameters: 0.008642M
After model setup: GPU Memory - Allocated: 0.063 GB, Reserved: 0.064 GB, Max Allocated: 1.464 GB
Initial train loss: 1.078222, Initial test loss: 1.073892
Train predictions shape: torch.Size([128, 50, 2])
After initial forward pass: GPU Memory - Allocated: 0.063 GB, Reserved: 0.088 GB, Max Allocated: 1.464 GB
Effective training batch size: 256

Training model with periodic evaluation...
Initial: GPU Memory - Allocated: 0.063 GB, Reserved: 0.088 GB, Max Allocated: 0.063 GB
Step 1, MSE: 1.058793, Total Loss: 1.058793, Test Loss: 0.892716, GPU Memory: 0.063 GB

Evaluating at step 5...
After evaluation at step 5: GPU Memory - Allocated: 0.065 GB, Reserved: 2.262 GB, Max Allocated: 2.055 GB
Evaluation at step 5 completed.


Evaluating at step 10...
After evaluation at step 10: GPU Memory - Allocated: 0.065 GB, Reserved: 2.262 GB, Max Allocated: 2.055 GB
Evaluation at step 10 completed.


Evaluating at step 15...
After evaluation at step 15: GPU Memory - Allocated: 0.065 GB, Reserved: 2.262 GB, Max Allocated: 2.055 GB
Evaluation at step 15 completed.


Evaluating at step 20...
After evaluation at step 20: GPU Memory - Allocated: 0.065 GB, Reserved: 2.262 GB, Max Allocated: 2.055 GB
Evaluation at step 20 completed.


Evaluating at step 25...
After evaluation at step 25: GPU Memory - Allocated: 0.065 GB, Reserved: 2.262 GB, Max Allocated: 2.055 GB
Evaluation at step 25 completed.


Evaluating at step 30...
After evaluation at step 30: GPU Memory - Allocated: 0.065 GB, Reserved: 2.262 GB, Max Allocated: 2.055 GB
Evaluation at step 30 completed.


Evaluating at step 35...
After evaluation at step 35: GPU Memory - Allocated: 0.065 GB, Reserved: 2.262 GB, Max Allocated: 2.055 GB
Evaluation at step 35 completed.


Evaluating at step 40...
After evaluation at step 40: GPU Memory - Allocated: 0.065 GB, Reserved: 2.262 GB, Max Allocated: 2.055 GB
Evaluation at step 40 completed.


Evaluating at step 45...
After evaluation at step 45: GPU Memory - Allocated: 0.065 GB, Reserved: 2.262 GB, Max Allocated: 2.055 GB
Evaluation at step 45 completed.


Evaluating at step 50...
After evaluation at step 50: GPU Memory - Allocated: 0.065 GB, Reserved: 2.262 GB, Max Allocated: 2.055 GB
Evaluation at step 50 completed.


Evaluating at step 55...
After evaluation at step 55: GPU Memory - Allocated: 0.065 GB, Reserved: 2.262 GB, Max Allocated: 2.055 GB
Evaluation at step 55 completed.


Evaluating at step 60...
After evaluation at step 60: GPU Memory - Allocated: 0.065 GB, Reserved: 2.262 GB, Max Allocated: 2.055 GB
Evaluation at step 60 completed.


Evaluating at step 65...
After evaluation at step 65: GPU Memory - Allocated: 0.065 GB, Reserved: 2.262 GB, Max Allocated: 2.055 GB
Evaluation at step 65 completed.


Evaluating at step 70...
After evaluation at step 70: GPU Memory - Allocated: 0.065 GB, Reserved: 2.262 GB, Max Allocated: 2.055 GB
Evaluation at step 70 completed.


Evaluating at step 75...
After evaluation at step 75: GPU Memory - Allocated: 0.065 GB, Reserved: 2.262 GB, Max Allocated: 2.055 GB
Evaluation at step 75 completed.


Evaluating at step 80...
After evaluation at step 80: GPU Memory - Allocated: 0.065 GB, Reserved: 2.262 GB, Max Allocated: 2.055 GB
Evaluation at step 80 completed.


Evaluating at step 85...
After evaluation at step 85: GPU Memory - Allocated: 0.065 GB, Reserved: 2.262 GB, Max Allocated: 2.055 GB
Evaluation at step 85 completed.


Evaluating at step 90...
After evaluation at step 90: GPU Memory - Allocated: 0.065 GB, Reserved: 2.262 GB, Max Allocated: 2.055 GB
Evaluation at step 90 completed.


Evaluating at step 95...
After evaluation at step 95: GPU Memory - Allocated: 0.065 GB, Reserved: 2.262 GB, Max Allocated: 2.055 GB
Evaluation at step 95 completed.


Evaluating at step 100...
After evaluation at step 100: GPU Memory - Allocated: 0.065 GB, Reserved: 2.262 GB, Max Allocated: 2.055 GB
Evaluation at step 100 completed.

Step 101, MSE: 0.022093, Total Loss: 0.022093, Test Loss: 0.015351, GPU Memory: 0.063 GB

Evaluating at step 105...
After evaluation at step 105: GPU Memory - Allocated: 0.065 GB, Reserved: 2.262 GB, Max Allocated: 2.055 GB
Evaluation at step 105 completed.


Evaluating at step 110...
After evaluation at step 110: GPU Memory - Allocated: 0.065 GB, Reserved: 2.262 GB, Max Allocated: 2.055 GB
Evaluation at step 110 completed.


Evaluating at step 115...
After evaluation at step 115: GPU Memory - Allocated: 0.065 GB, Reserved: 2.262 GB, Max Allocated: 2.055 GB
Evaluation at step 115 completed.


Evaluating at step 120...
After evaluation at step 120: GPU Memory - Allocated: 0.065 GB, Reserved: 2.262 GB, Max Allocated: 2.055 GB
Evaluation at step 120 completed.


Evaluating at step 125...
After evaluation at step 125: GPU Memory - Allocated: 0.065 GB, Reserved: 2.262 GB, Max Allocated: 2.055 GB
Evaluation at step 125 completed.


Evaluating at step 130...
After evaluation at step 130: GPU Memory - Allocated: 0.065 GB, Reserved: 2.262 GB, Max Allocated: 2.055 GB
Evaluation at step 130 completed.


Evaluating at step 135...
After evaluation at step 135: GPU Memory - Allocated: 0.065 GB, Reserved: 2.262 GB, Max Allocated: 2.055 GB
Evaluation at step 135 completed.


Evaluating at step 140...
After evaluation at step 140: GPU Memory - Allocated: 0.065 GB, Reserved: 2.262 GB, Max Allocated: 2.055 GB
Evaluation at step 140 completed.


Evaluating at step 145...
After evaluation at step 145: GPU Memory - Allocated: 0.065 GB, Reserved: 2.262 GB, Max Allocated: 2.055 GB
Evaluation at step 145 completed.


Evaluating at step 150...
After evaluation at step 150: GPU Memory - Allocated: 0.065 GB, Reserved: 2.262 GB, Max Allocated: 2.055 GB
Evaluation at step 150 completed.


Evaluating at step 155...
After evaluation at step 155: GPU Memory - Allocated: 0.065 GB, Reserved: 2.262 GB, Max Allocated: 2.055 GB
Evaluation at step 155 completed.


Evaluating at step 160...
After evaluation at step 160: GPU Memory - Allocated: 0.065 GB, Reserved: 2.262 GB, Max Allocated: 2.055 GB
Evaluation at step 160 completed.


Evaluating at step 165...
After evaluation at step 165: GPU Memory - Allocated: 0.065 GB, Reserved: 2.262 GB, Max Allocated: 2.055 GB
Evaluation at step 165 completed.


Evaluating at step 170...
After evaluation at step 170: GPU Memory - Allocated: 0.065 GB, Reserved: 2.262 GB, Max Allocated: 2.055 GB
Evaluation at step 170 completed.


Evaluating at step 175...
After evaluation at step 175: GPU Memory - Allocated: 0.065 GB, Reserved: 2.262 GB, Max Allocated: 2.055 GB
Evaluation at step 175 completed.


Evaluating at step 180...
After evaluation at step 180: GPU Memory - Allocated: 0.065 GB, Reserved: 2.262 GB, Max Allocated: 2.055 GB
Evaluation at step 180 completed.


Evaluating at step 185...
After evaluation at step 185: GPU Memory - Allocated: 0.065 GB, Reserved: 2.262 GB, Max Allocated: 2.055 GB
Evaluation at step 185 completed.


Evaluating at step 190...
After evaluation at step 190: GPU Memory - Allocated: 0.065 GB, Reserved: 2.262 GB, Max Allocated: 2.055 GB
Evaluation at step 190 completed.


Evaluating at step 195...
After evaluation at step 195: GPU Memory - Allocated: 0.065 GB, Reserved: 2.262 GB, Max Allocated: 2.055 GB
Evaluation at step 195 completed.


Evaluating at step 200...
After evaluation at step 200: GPU Memory - Allocated: 0.065 GB, Reserved: 2.262 GB, Max Allocated: 2.055 GB
Evaluation at step 200 completed.

Step 201, MSE: 0.017098, Total Loss: 0.017098, Test Loss: 0.010999, GPU Memory: 0.063 GB

Evaluating at step 300...
After evaluation at step 300: GPU Memory - Allocated: 0.065 GB, Reserved: 2.262 GB, Max Allocated: 2.055 GB
Evaluation at step 300 completed.

Step 301, MSE: 0.016848, Total Loss: 0.016848, Test Loss: 0.008323, GPU Memory: 0.063 GB

Evaluating at step 400...
After evaluation at step 400: GPU Memory - Allocated: 0.065 GB, Reserved: 2.262 GB, Max Allocated: 2.055 GB
Evaluation at step 400 completed.

Step 401, MSE: 0.015274, Total Loss: 0.015274, Test Loss: 0.008210, GPU Memory: 0.063 GB

Evaluating at step 500...
After evaluation at step 500: GPU Memory - Allocated: 0.065 GB, Reserved: 2.262 GB, Max Allocated: 2.055 GB
Evaluation at step 500 completed.

Step 501, MSE: 0.016297, Total Loss: 0.016297, Test Loss: 0.006893, GPU Memory: 0.063 GB

Evaluating at step 600...
After evaluation at step 600: GPU Memory - Allocated: 0.065 GB, Reserved: 2.262 GB, Max Allocated: 2.055 GB
Evaluation at step 600 completed.

Step 601, MSE: 0.016327, Total Loss: 0.016327, Test Loss: 0.006622, GPU Memory: 0.063 GB

Evaluating at step 700...
After evaluation at step 700: GPU Memory - Allocated: 0.065 GB, Reserved: 2.262 GB, Max Allocated: 2.055 GB
Evaluation at step 700 completed.

Step 701, MSE: 0.014741, Total Loss: 0.014741, Test Loss: 0.006068, GPU Memory: 0.063 GB

Evaluating at step 800...
After evaluation at step 800: GPU Memory - Allocated: 0.065 GB, Reserved: 2.262 GB, Max Allocated: 2.055 GB
Evaluation at step 800 completed.

Step 801, MSE: 0.014651, Total Loss: 0.014651, Test Loss: 0.004559, GPU Memory: 0.063 GB

Evaluating at step 900...
After evaluation at step 900: GPU Memory - Allocated: 0.065 GB, Reserved: 2.262 GB, Max Allocated: 2.055 GB
Evaluation at step 900 completed.

Step 901, MSE: 0.012654, Total Loss: 0.012654, Test Loss: 0.007012, GPU Memory: 0.063 GB

Evaluating at step 1000...
After evaluation at step 1000: GPU Memory - Allocated: 0.065 GB, Reserved: 2.262 GB, Max Allocated: 2.055 GB
Evaluation at step 1000 completed.

Step 1001, MSE: 0.016254, Total Loss: 0.016254, Test Loss: 0.005117, GPU Memory: 0.063 GB

Evaluating at step 1100...
After evaluation at step 1100: GPU Memory - Allocated: 0.065 GB, Reserved: 2.262 GB, Max Allocated: 2.055 GB
Evaluation at step 1100 completed.

Step 1101, MSE: 0.013223, Total Loss: 0.013223, Test Loss: 0.004333, GPU Memory: 0.063 GB

Evaluating at step 1200...
After evaluation at step 1200: GPU Memory - Allocated: 0.065 GB, Reserved: 2.262 GB, Max Allocated: 2.055 GB
Evaluation at step 1200 completed.

Step 1201, MSE: 0.012906, Total Loss: 0.012906, Test Loss: 0.003813, GPU Memory: 0.063 GB

Evaluating at step 1300...
After evaluation at step 1300: GPU Memory - Allocated: 0.065 GB, Reserved: 2.262 GB, Max Allocated: 2.055 GB
Evaluation at step 1300 completed.

Step 1301, MSE: 0.013505, Total Loss: 0.013505, Test Loss: 0.004368, GPU Memory: 0.063 GB

Evaluating at step 1400...
After evaluation at step 1400: GPU Memory - Allocated: 0.065 GB, Reserved: 2.262 GB, Max Allocated: 2.055 GB
Evaluation at step 1400 completed.

Step 1401, MSE: 0.014689, Total Loss: 0.014689, Test Loss: 0.003913, GPU Memory: 0.063 GB

Evaluating at step 1500...
After evaluation at step 1500: GPU Memory - Allocated: 0.065 GB, Reserved: 2.262 GB, Max Allocated: 2.055 GB
Evaluation at step 1500 completed.

Step 1501, MSE: 0.015068, Total Loss: 0.015068, Test Loss: 0.003600, GPU Memory: 0.063 GB

Evaluating at step 1600...
After evaluation at step 1600: GPU Memory - Allocated: 0.065 GB, Reserved: 2.262 GB, Max Allocated: 2.055 GB
Evaluation at step 1600 completed.

Step 1601, MSE: 0.015203, Total Loss: 0.015203, Test Loss: 0.004758, GPU Memory: 0.063 GB

Evaluating at step 1700...
After evaluation at step 1700: GPU Memory - Allocated: 0.065 GB, Reserved: 2.262 GB, Max Allocated: 2.055 GB
Evaluation at step 1700 completed.

Step 1701, MSE: 0.014903, Total Loss: 0.014903, Test Loss: 0.003596, GPU Memory: 0.063 GB

Evaluating at step 1800...
After evaluation at step 1800: GPU Memory - Allocated: 0.065 GB, Reserved: 2.262 GB, Max Allocated: 2.055 GB
Evaluation at step 1800 completed.

Step 1801, MSE: 0.013468, Total Loss: 0.013468, Test Loss: 0.003128, GPU Memory: 0.063 GB

Evaluating at step 1900...
After evaluation at step 1900: GPU Memory - Allocated: 0.065 GB, Reserved: 2.262 GB, Max Allocated: 2.055 GB
Evaluation at step 1900 completed.

Step 1901, MSE: 0.012987, Total Loss: 0.012987, Test Loss: 0.004211, GPU Memory: 0.063 GB

Evaluating at step 2000...
After evaluation at step 2000: GPU Memory - Allocated: 0.065 GB, Reserved: 2.262 GB, Max Allocated: 2.055 GB
Evaluation at step 2000 completed.

Final: GPU Memory - Allocated: 0.065 GB, Reserved: 2.262 GB, Max Allocated: 2.055 GB
Final memory stats: {'initial': {'allocated_gb': 0.0625448226928711, 'reserved_gb': 0.087890625, 'max_allocated_gb': 0.0625448226928711}, 'final': {'allocated_gb': 0.06455802917480469, 'reserved_gb': 2.26171875, 'max_allocated_gb': 2.054563522338867}, 'peak': {'allocated_gb': 0.06455802917480469, 'reserved_gb': 2.26171875, 'max_allocated_gb': 2.054563522338867}}

Training completed!
After training: GPU Memory - Allocated: 0.063 GB, Reserved: 0.186 GB, Max Allocated: 2.055 GB

Memory Summary:
  Initial: 0.063 GB
  Final: 0.065 GB
  Peak: 2.055 GB
  Memory increase: 0.002 GB
Saved result to: outputs/mlp_sweep/results/block_50_noise_0.1_loss_all_mlp_mult_4_seed_1.npz

================================================================================
[3/4] Starting block_50_noise_0.1_loss_all_mlp_mult_8_seed_1.npz
================================================================================

================================================================================
Training model: block_size=50, noise_scale=0.1, lr=0.001, weight_decay=0.0, n_layer=1, n_head=1, n_embd=32, num_trajectories=10000, loss_mask=all
================================================================================
Loading Kepler orbit trajectories from data_cv...
Loading 20,000 trajectories from 2 chunks...
Loaded 20,000 trajectories from chunks
Trajectories shape: (20000, 100, 2)
Position range: x=[-3.536, 3.517], y=[-3.444, 3.481]

Split: 10000 training trajectories, 10000 test trajectories

Block size (50) < num_points_per_trajectory (100)
Chopping trajectories into sequences...
Randomly selecting 2 sequences per trajectory (instead of all sliding windows)
Train sequences: 20000, Test sequences: 20000

Train input shape: torch.Size([20000, 50, 2]), Train target shape: torch.Size([20000, 1, 2])
Test input shape: torch.Size([20000, 50, 2]), Test target shape: torch.Size([20000, 1, 2])

Setting up model...
number of parameters: 0.016962M
After model setup: GPU Memory - Allocated: 0.063 GB, Reserved: 0.064 GB, Max Allocated: 2.055 GB
Initial train loss: 1.146186, Initial test loss: 1.157889
Train predictions shape: torch.Size([128, 50, 2])
After initial forward pass: GPU Memory - Allocated: 0.063 GB, Reserved: 0.088 GB, Max Allocated: 2.055 GB
Effective training batch size: 256

Training model with periodic evaluation...
Initial: GPU Memory - Allocated: 0.063 GB, Reserved: 0.088 GB, Max Allocated: 0.063 GB
Step 1, MSE: 1.135555, Total Loss: 1.135555, Test Loss: 0.903556, GPU Memory: 0.063 GB

Evaluating at step 5...
After evaluation at step 5: GPU Memory - Allocated: 0.065 GB, Reserved: 3.520 GB, Max Allocated: 3.248 GB
Evaluation at step 5 completed.


Evaluating at step 10...
After evaluation at step 10: GPU Memory - Allocated: 0.065 GB, Reserved: 3.520 GB, Max Allocated: 3.248 GB
Evaluation at step 10 completed.


Evaluating at step 15...
After evaluation at step 15: GPU Memory - Allocated: 0.065 GB, Reserved: 3.520 GB, Max Allocated: 3.248 GB
Evaluation at step 15 completed.


Evaluating at step 20...
After evaluation at step 20: GPU Memory - Allocated: 0.065 GB, Reserved: 3.520 GB, Max Allocated: 3.248 GB
Evaluation at step 20 completed.


Evaluating at step 25...
After evaluation at step 25: GPU Memory - Allocated: 0.065 GB, Reserved: 3.520 GB, Max Allocated: 3.248 GB
Evaluation at step 25 completed.


Evaluating at step 30...
After evaluation at step 30: GPU Memory - Allocated: 0.065 GB, Reserved: 3.520 GB, Max Allocated: 3.248 GB
Evaluation at step 30 completed.


Evaluating at step 35...
After evaluation at step 35: GPU Memory - Allocated: 0.065 GB, Reserved: 3.520 GB, Max Allocated: 3.248 GB
Evaluation at step 35 completed.


Evaluating at step 40...
After evaluation at step 40: GPU Memory - Allocated: 0.065 GB, Reserved: 3.520 GB, Max Allocated: 3.248 GB
Evaluation at step 40 completed.


Evaluating at step 45...
After evaluation at step 45: GPU Memory - Allocated: 0.065 GB, Reserved: 3.520 GB, Max Allocated: 3.248 GB
Evaluation at step 45 completed.


Evaluating at step 50...
After evaluation at step 50: GPU Memory - Allocated: 0.065 GB, Reserved: 3.520 GB, Max Allocated: 3.248 GB
Evaluation at step 50 completed.


Evaluating at step 55...
After evaluation at step 55: GPU Memory - Allocated: 0.065 GB, Reserved: 3.520 GB, Max Allocated: 3.248 GB
Evaluation at step 55 completed.


Evaluating at step 60...
After evaluation at step 60: GPU Memory - Allocated: 0.065 GB, Reserved: 3.520 GB, Max Allocated: 3.248 GB
Evaluation at step 60 completed.


Evaluating at step 65...
After evaluation at step 65: GPU Memory - Allocated: 0.065 GB, Reserved: 3.520 GB, Max Allocated: 3.248 GB
Evaluation at step 65 completed.


Evaluating at step 70...
After evaluation at step 70: GPU Memory - Allocated: 0.065 GB, Reserved: 3.520 GB, Max Allocated: 3.248 GB
Evaluation at step 70 completed.


Evaluating at step 75...
After evaluation at step 75: GPU Memory - Allocated: 0.065 GB, Reserved: 3.520 GB, Max Allocated: 3.248 GB
Evaluation at step 75 completed.


Evaluating at step 80...
After evaluation at step 80: GPU Memory - Allocated: 0.065 GB, Reserved: 3.520 GB, Max Allocated: 3.248 GB
Evaluation at step 80 completed.


Evaluating at step 85...
After evaluation at step 85: GPU Memory - Allocated: 0.065 GB, Reserved: 3.520 GB, Max Allocated: 3.248 GB
Evaluation at step 85 completed.


Evaluating at step 90...
After evaluation at step 90: GPU Memory - Allocated: 0.065 GB, Reserved: 3.520 GB, Max Allocated: 3.248 GB
Evaluation at step 90 completed.


Evaluating at step 95...
After evaluation at step 95: GPU Memory - Allocated: 0.065 GB, Reserved: 3.520 GB, Max Allocated: 3.248 GB
Evaluation at step 95 completed.


Evaluating at step 100...
After evaluation at step 100: GPU Memory - Allocated: 0.065 GB, Reserved: 3.520 GB, Max Allocated: 3.248 GB
Evaluation at step 100 completed.

Step 101, MSE: 0.022906, Total Loss: 0.022906, Test Loss: 0.018115, GPU Memory: 0.063 GB

Evaluating at step 105...
After evaluation at step 105: GPU Memory - Allocated: 0.065 GB, Reserved: 3.520 GB, Max Allocated: 3.248 GB
Evaluation at step 105 completed.


Evaluating at step 110...
After evaluation at step 110: GPU Memory - Allocated: 0.065 GB, Reserved: 3.520 GB, Max Allocated: 3.248 GB
Evaluation at step 110 completed.


Evaluating at step 115...
After evaluation at step 115: GPU Memory - Allocated: 0.065 GB, Reserved: 3.520 GB, Max Allocated: 3.248 GB
Evaluation at step 115 completed.


Evaluating at step 120...
After evaluation at step 120: GPU Memory - Allocated: 0.065 GB, Reserved: 3.520 GB, Max Allocated: 3.248 GB
Evaluation at step 120 completed.


Evaluating at step 125...
After evaluation at step 125: GPU Memory - Allocated: 0.065 GB, Reserved: 3.520 GB, Max Allocated: 3.248 GB
Evaluation at step 125 completed.


Evaluating at step 130...
After evaluation at step 130: GPU Memory - Allocated: 0.065 GB, Reserved: 3.520 GB, Max Allocated: 3.248 GB
Evaluation at step 130 completed.


Evaluating at step 135...
After evaluation at step 135: GPU Memory - Allocated: 0.065 GB, Reserved: 3.520 GB, Max Allocated: 3.248 GB
Evaluation at step 135 completed.


Evaluating at step 140...
After evaluation at step 140: GPU Memory - Allocated: 0.065 GB, Reserved: 3.520 GB, Max Allocated: 3.248 GB
Evaluation at step 140 completed.


Evaluating at step 145...
After evaluation at step 145: GPU Memory - Allocated: 0.065 GB, Reserved: 3.520 GB, Max Allocated: 3.248 GB
Evaluation at step 145 completed.


Evaluating at step 150...
After evaluation at step 150: GPU Memory - Allocated: 0.065 GB, Reserved: 3.520 GB, Max Allocated: 3.248 GB
Evaluation at step 150 completed.


Evaluating at step 155...
After evaluation at step 155: GPU Memory - Allocated: 0.065 GB, Reserved: 3.520 GB, Max Allocated: 3.248 GB
Evaluation at step 155 completed.


Evaluating at step 160...
After evaluation at step 160: GPU Memory - Allocated: 0.065 GB, Reserved: 3.520 GB, Max Allocated: 3.248 GB
Evaluation at step 160 completed.


Evaluating at step 165...
After evaluation at step 165: GPU Memory - Allocated: 0.065 GB, Reserved: 3.520 GB, Max Allocated: 3.248 GB
Evaluation at step 165 completed.


Evaluating at step 170...
After evaluation at step 170: GPU Memory - Allocated: 0.065 GB, Reserved: 3.520 GB, Max Allocated: 3.248 GB
Evaluation at step 170 completed.


Evaluating at step 175...
After evaluation at step 175: GPU Memory - Allocated: 0.065 GB, Reserved: 3.520 GB, Max Allocated: 3.248 GB
Evaluation at step 175 completed.


Evaluating at step 180...
After evaluation at step 180: GPU Memory - Allocated: 0.065 GB, Reserved: 3.520 GB, Max Allocated: 3.248 GB
Evaluation at step 180 completed.


Evaluating at step 185...
After evaluation at step 185: GPU Memory - Allocated: 0.065 GB, Reserved: 3.520 GB, Max Allocated: 3.248 GB
Evaluation at step 185 completed.


Evaluating at step 190...
After evaluation at step 190: GPU Memory - Allocated: 0.065 GB, Reserved: 3.520 GB, Max Allocated: 3.248 GB
Evaluation at step 190 completed.


Evaluating at step 195...
After evaluation at step 195: GPU Memory - Allocated: 0.065 GB, Reserved: 3.520 GB, Max Allocated: 3.248 GB
Evaluation at step 195 completed.


Evaluating at step 200...
After evaluation at step 200: GPU Memory - Allocated: 0.065 GB, Reserved: 3.520 GB, Max Allocated: 3.248 GB
Evaluation at step 200 completed.

Step 201, MSE: 0.016275, Total Loss: 0.016275, Test Loss: 0.011951, GPU Memory: 0.063 GB

Evaluating at step 300...
After evaluation at step 300: GPU Memory - Allocated: 0.065 GB, Reserved: 3.520 GB, Max Allocated: 3.248 GB
Evaluation at step 300 completed.

Step 301, MSE: 0.017861, Total Loss: 0.017861, Test Loss: 0.008837, GPU Memory: 0.063 GB

Evaluating at step 400...
After evaluation at step 400: GPU Memory - Allocated: 0.065 GB, Reserved: 3.520 GB, Max Allocated: 3.248 GB
Evaluation at step 400 completed.

Step 401, MSE: 0.015220, Total Loss: 0.015220, Test Loss: 0.009470, GPU Memory: 0.063 GB

Evaluating at step 500...
After evaluation at step 500: GPU Memory - Allocated: 0.065 GB, Reserved: 3.520 GB, Max Allocated: 3.248 GB
Evaluation at step 500 completed.

Step 501, MSE: 0.017089, Total Loss: 0.017089, Test Loss: 0.007415, GPU Memory: 0.063 GB

Evaluating at step 600...
After evaluation at step 600: GPU Memory - Allocated: 0.065 GB, Reserved: 3.520 GB, Max Allocated: 3.248 GB
Evaluation at step 600 completed.

Step 601, MSE: 0.017004, Total Loss: 0.017004, Test Loss: 0.007317, GPU Memory: 0.063 GB

Evaluating at step 700...
After evaluation at step 700: GPU Memory - Allocated: 0.065 GB, Reserved: 3.520 GB, Max Allocated: 3.248 GB
Evaluation at step 700 completed.

Step 701, MSE: 0.015128, Total Loss: 0.015128, Test Loss: 0.006509, GPU Memory: 0.063 GB

Evaluating at step 800...
After evaluation at step 800: GPU Memory - Allocated: 0.065 GB, Reserved: 3.520 GB, Max Allocated: 3.248 GB
Evaluation at step 800 completed.

Step 801, MSE: 0.014907, Total Loss: 0.014907, Test Loss: 0.005987, GPU Memory: 0.063 GB

Evaluating at step 900...
After evaluation at step 900: GPU Memory - Allocated: 0.065 GB, Reserved: 3.520 GB, Max Allocated: 3.248 GB
Evaluation at step 900 completed.

Step 901, MSE: 0.013591, Total Loss: 0.013591, Test Loss: 0.007009, GPU Memory: 0.063 GB

Evaluating at step 1000...
After evaluation at step 1000: GPU Memory - Allocated: 0.065 GB, Reserved: 3.520 GB, Max Allocated: 3.248 GB
Evaluation at step 1000 completed.

Step 1001, MSE: 0.016618, Total Loss: 0.016618, Test Loss: 0.006333, GPU Memory: 0.063 GB

Evaluating at step 1100...
After evaluation at step 1100: GPU Memory - Allocated: 0.065 GB, Reserved: 3.520 GB, Max Allocated: 3.248 GB
Evaluation at step 1100 completed.

Step 1101, MSE: 0.013850, Total Loss: 0.013850, Test Loss: 0.005175, GPU Memory: 0.063 GB

Evaluating at step 1200...
After evaluation at step 1200: GPU Memory - Allocated: 0.065 GB, Reserved: 3.520 GB, Max Allocated: 3.248 GB
Evaluation at step 1200 completed.

Step 1201, MSE: 0.013801, Total Loss: 0.013801, Test Loss: 0.004340, GPU Memory: 0.063 GB

Evaluating at step 1300...
After evaluation at step 1300: GPU Memory - Allocated: 0.065 GB, Reserved: 3.520 GB, Max Allocated: 3.248 GB
Evaluation at step 1300 completed.

Step 1301, MSE: 0.014009, Total Loss: 0.014009, Test Loss: 0.004988, GPU Memory: 0.063 GB

Evaluating at step 1400...
After evaluation at step 1400: GPU Memory - Allocated: 0.065 GB, Reserved: 3.520 GB, Max Allocated: 3.248 GB
Evaluation at step 1400 completed.

Step 1401, MSE: 0.015442, Total Loss: 0.015442, Test Loss: 0.004463, GPU Memory: 0.063 GB

Evaluating at step 1500...
After evaluation at step 1500: GPU Memory - Allocated: 0.065 GB, Reserved: 3.520 GB, Max Allocated: 3.248 GB
Evaluation at step 1500 completed.

Step 1501, MSE: 0.016392, Total Loss: 0.016392, Test Loss: 0.004281, GPU Memory: 0.063 GB

Evaluating at step 1600...
After evaluation at step 1600: GPU Memory - Allocated: 0.065 GB, Reserved: 3.520 GB, Max Allocated: 3.248 GB
Evaluation at step 1600 completed.

Step 1601, MSE: 0.016118, Total Loss: 0.016118, Test Loss: 0.005345, GPU Memory: 0.063 GB

Evaluating at step 1700...
After evaluation at step 1700: GPU Memory - Allocated: 0.065 GB, Reserved: 3.520 GB, Max Allocated: 3.248 GB
Evaluation at step 1700 completed.

Step 1701, MSE: 0.014970, Total Loss: 0.014970, Test Loss: 0.003991, GPU Memory: 0.063 GB

Evaluating at step 1800...
After evaluation at step 1800: GPU Memory - Allocated: 0.065 GB, Reserved: 3.520 GB, Max Allocated: 3.248 GB
Evaluation at step 1800 completed.

Step 1801, MSE: 0.013970, Total Loss: 0.013970, Test Loss: 0.003644, GPU Memory: 0.063 GB

Evaluating at step 1900...
After evaluation at step 1900: GPU Memory - Allocated: 0.065 GB, Reserved: 3.520 GB, Max Allocated: 3.248 GB
Evaluation at step 1900 completed.

Step 1901, MSE: 0.013368, Total Loss: 0.013368, Test Loss: 0.004990, GPU Memory: 0.063 GB

Evaluating at step 2000...
After evaluation at step 2000: GPU Memory - Allocated: 0.065 GB, Reserved: 3.520 GB, Max Allocated: 3.248 GB
Evaluation at step 2000 completed.

Final: GPU Memory - Allocated: 0.065 GB, Reserved: 3.520 GB, Max Allocated: 3.248 GB
Final memory stats: {'initial': {'allocated_gb': 0.0625758171081543, 'reserved_gb': 0.087890625, 'max_allocated_gb': 0.0625758171081543}, 'final': {'allocated_gb': 0.06466054916381836, 'reserved_gb': 3.51953125, 'max_allocated_gb': 3.2480711936950684}, 'peak': {'allocated_gb': 0.06466054916381836, 'reserved_gb': 3.51953125, 'max_allocated_gb': 3.2480711936950684}}

Training completed!
After training: GPU Memory - Allocated: 0.063 GB, Reserved: 0.078 GB, Max Allocated: 3.248 GB

Memory Summary:
  Initial: 0.063 GB
  Final: 0.065 GB
  Peak: 3.248 GB
  Memory increase: 0.002 GB
Saved result to: outputs/mlp_sweep/results/block_50_noise_0.1_loss_all_mlp_mult_8_seed_1.npz

================================================================================
[4/4] Starting block_50_noise_0.1_loss_all_mlp_mult_16_seed_1.npz
================================================================================

================================================================================
Training model: block_size=50, noise_scale=0.1, lr=0.001, weight_decay=0.0, n_layer=1, n_head=1, n_embd=32, num_trajectories=10000, loss_mask=all
================================================================================
Loading Kepler orbit trajectories from data_cv...
Loading 20,000 trajectories from 2 chunks...
Loaded 20,000 trajectories from chunks
Trajectories shape: (20000, 100, 2)
Position range: x=[-3.536, 3.517], y=[-3.444, 3.481]

Split: 10000 training trajectories, 10000 test trajectories

Block size (50) < num_points_per_trajectory (100)
Chopping trajectories into sequences...
Randomly selecting 2 sequences per trajectory (instead of all sliding windows)
Train sequences: 20000, Test sequences: 20000

Train input shape: torch.Size([20000, 50, 2]), Train target shape: torch.Size([20000, 1, 2])
Test input shape: torch.Size([20000, 50, 2]), Test target shape: torch.Size([20000, 1, 2])

Setting up model...
number of parameters: 0.033602M
After model setup: GPU Memory - Allocated: 0.063 GB, Reserved: 0.064 GB, Max Allocated: 3.248 GB
Initial train loss: 1.065391, Initial test loss: 1.074739
Train predictions shape: torch.Size([128, 50, 2])
After initial forward pass: GPU Memory - Allocated: 0.063 GB, Reserved: 0.096 GB, Max Allocated: 3.248 GB
Effective training batch size: 256

Training model with periodic evaluation...
Initial: GPU Memory - Allocated: 0.063 GB, Reserved: 0.096 GB, Max Allocated: 0.063 GB
Step 1, MSE: 1.092967, Total Loss: 1.092967, Test Loss: 0.743743, GPU Memory: 0.063 GB

Evaluating at step 5...
After evaluation at step 5: GPU Memory - Allocated: 0.065 GB, Reserved: 6.162 GB, Max Allocated: 5.634 GB
Evaluation at step 5 completed.


Evaluating at step 10...
After evaluation at step 10: GPU Memory - Allocated: 0.065 GB, Reserved: 6.162 GB, Max Allocated: 5.634 GB
Evaluation at step 10 completed.


Evaluating at step 15...
After evaluation at step 15: GPU Memory - Allocated: 0.065 GB, Reserved: 6.162 GB, Max Allocated: 5.634 GB
Evaluation at step 15 completed.


Evaluating at step 20...
After evaluation at step 20: GPU Memory - Allocated: 0.065 GB, Reserved: 6.162 GB, Max Allocated: 5.634 GB
Evaluation at step 20 completed.


Evaluating at step 25...
After evaluation at step 25: GPU Memory - Allocated: 0.065 GB, Reserved: 6.162 GB, Max Allocated: 5.634 GB
Evaluation at step 25 completed.


Evaluating at step 30...
After evaluation at step 30: GPU Memory - Allocated: 0.065 GB, Reserved: 6.162 GB, Max Allocated: 5.634 GB
Evaluation at step 30 completed.


Evaluating at step 35...
After evaluation at step 35: GPU Memory - Allocated: 0.065 GB, Reserved: 6.162 GB, Max Allocated: 5.634 GB
Evaluation at step 35 completed.


Evaluating at step 40...
After evaluation at step 40: GPU Memory - Allocated: 0.065 GB, Reserved: 6.162 GB, Max Allocated: 5.634 GB
Evaluation at step 40 completed.


Evaluating at step 45...
After evaluation at step 45: GPU Memory - Allocated: 0.065 GB, Reserved: 6.162 GB, Max Allocated: 5.634 GB
Evaluation at step 45 completed.


Evaluating at step 50...
After evaluation at step 50: GPU Memory - Allocated: 0.065 GB, Reserved: 6.162 GB, Max Allocated: 5.634 GB
Evaluation at step 50 completed.


Evaluating at step 55...
After evaluation at step 55: GPU Memory - Allocated: 0.065 GB, Reserved: 6.162 GB, Max Allocated: 5.634 GB
Evaluation at step 55 completed.


Evaluating at step 60...
After evaluation at step 60: GPU Memory - Allocated: 0.065 GB, Reserved: 6.162 GB, Max Allocated: 5.634 GB
Evaluation at step 60 completed.


Evaluating at step 65...
After evaluation at step 65: GPU Memory - Allocated: 0.065 GB, Reserved: 6.162 GB, Max Allocated: 5.634 GB
Evaluation at step 65 completed.


Evaluating at step 70...
After evaluation at step 70: GPU Memory - Allocated: 0.065 GB, Reserved: 6.162 GB, Max Allocated: 5.634 GB
Evaluation at step 70 completed.


Evaluating at step 75...
After evaluation at step 75: GPU Memory - Allocated: 0.065 GB, Reserved: 6.162 GB, Max Allocated: 5.634 GB
Evaluation at step 75 completed.


Evaluating at step 80...
After evaluation at step 80: GPU Memory - Allocated: 0.065 GB, Reserved: 6.162 GB, Max Allocated: 5.634 GB
Evaluation at step 80 completed.


Evaluating at step 85...
After evaluation at step 85: GPU Memory - Allocated: 0.065 GB, Reserved: 6.162 GB, Max Allocated: 5.634 GB
Evaluation at step 85 completed.


Evaluating at step 90...
After evaluation at step 90: GPU Memory - Allocated: 0.065 GB, Reserved: 6.162 GB, Max Allocated: 5.634 GB
Evaluation at step 90 completed.


Evaluating at step 95...
After evaluation at step 95: GPU Memory - Allocated: 0.065 GB, Reserved: 6.162 GB, Max Allocated: 5.634 GB
Evaluation at step 95 completed.


Evaluating at step 100...
After evaluation at step 100: GPU Memory - Allocated: 0.065 GB, Reserved: 6.162 GB, Max Allocated: 5.634 GB
Evaluation at step 100 completed.

Step 101, MSE: 0.021210, Total Loss: 0.021210, Test Loss: 0.015553, GPU Memory: 0.063 GB

Evaluating at step 105...
After evaluation at step 105: GPU Memory - Allocated: 0.065 GB, Reserved: 6.162 GB, Max Allocated: 5.634 GB
Evaluation at step 105 completed.


Evaluating at step 110...
After evaluation at step 110: GPU Memory - Allocated: 0.065 GB, Reserved: 6.162 GB, Max Allocated: 5.634 GB
Evaluation at step 110 completed.


Evaluating at step 115...
After evaluation at step 115: GPU Memory - Allocated: 0.065 GB, Reserved: 6.162 GB, Max Allocated: 5.634 GB
Evaluation at step 115 completed.


Evaluating at step 120...
After evaluation at step 120: GPU Memory - Allocated: 0.065 GB, Reserved: 6.162 GB, Max Allocated: 5.634 GB
Evaluation at step 120 completed.


Evaluating at step 125...
After evaluation at step 125: GPU Memory - Allocated: 0.065 GB, Reserved: 6.162 GB, Max Allocated: 5.634 GB
Evaluation at step 125 completed.


Evaluating at step 130...
After evaluation at step 130: GPU Memory - Allocated: 0.065 GB, Reserved: 6.162 GB, Max Allocated: 5.634 GB
Evaluation at step 130 completed.


Evaluating at step 135...
After evaluation at step 135: GPU Memory - Allocated: 0.065 GB, Reserved: 6.162 GB, Max Allocated: 5.634 GB
Evaluation at step 135 completed.


Evaluating at step 140...
After evaluation at step 140: GPU Memory - Allocated: 0.065 GB, Reserved: 6.162 GB, Max Allocated: 5.634 GB
Evaluation at step 140 completed.


Evaluating at step 145...
After evaluation at step 145: GPU Memory - Allocated: 0.065 GB, Reserved: 6.162 GB, Max Allocated: 5.634 GB
Evaluation at step 145 completed.


Evaluating at step 150...
After evaluation at step 150: GPU Memory - Allocated: 0.065 GB, Reserved: 6.162 GB, Max Allocated: 5.634 GB
Evaluation at step 150 completed.


Evaluating at step 155...
After evaluation at step 155: GPU Memory - Allocated: 0.065 GB, Reserved: 6.162 GB, Max Allocated: 5.634 GB
Evaluation at step 155 completed.


Evaluating at step 160...
After evaluation at step 160: GPU Memory - Allocated: 0.065 GB, Reserved: 6.162 GB, Max Allocated: 5.634 GB
Evaluation at step 160 completed.


Evaluating at step 165...
After evaluation at step 165: GPU Memory - Allocated: 0.065 GB, Reserved: 6.162 GB, Max Allocated: 5.634 GB
Evaluation at step 165 completed.


Evaluating at step 170...
After evaluation at step 170: GPU Memory - Allocated: 0.065 GB, Reserved: 6.162 GB, Max Allocated: 5.634 GB
Evaluation at step 170 completed.


Evaluating at step 175...
After evaluation at step 175: GPU Memory - Allocated: 0.065 GB, Reserved: 6.162 GB, Max Allocated: 5.634 GB
Evaluation at step 175 completed.


Evaluating at step 180...
After evaluation at step 180: GPU Memory - Allocated: 0.065 GB, Reserved: 6.162 GB, Max Allocated: 5.634 GB
Evaluation at step 180 completed.


Evaluating at step 185...
After evaluation at step 185: GPU Memory - Allocated: 0.065 GB, Reserved: 6.162 GB, Max Allocated: 5.634 GB
Evaluation at step 185 completed.


Evaluating at step 190...
After evaluation at step 190: GPU Memory - Allocated: 0.065 GB, Reserved: 6.162 GB, Max Allocated: 5.634 GB
Evaluation at step 190 completed.


Evaluating at step 195...
After evaluation at step 195: GPU Memory - Allocated: 0.065 GB, Reserved: 6.162 GB, Max Allocated: 5.634 GB
Evaluation at step 195 completed.


Evaluating at step 200...
After evaluation at step 200: GPU Memory - Allocated: 0.065 GB, Reserved: 6.162 GB, Max Allocated: 5.634 GB
Evaluation at step 200 completed.

Step 201, MSE: 0.016308, Total Loss: 0.016308, Test Loss: 0.010819, GPU Memory: 0.063 GB

Evaluating at step 300...
After evaluation at step 300: GPU Memory - Allocated: 0.065 GB, Reserved: 6.162 GB, Max Allocated: 5.634 GB
Evaluation at step 300 completed.

Step 301, MSE: 0.018073, Total Loss: 0.018073, Test Loss: 0.008984, GPU Memory: 0.063 GB

Evaluating at step 400...
After evaluation at step 400: GPU Memory - Allocated: 0.065 GB, Reserved: 6.162 GB, Max Allocated: 5.634 GB
Evaluation at step 400 completed.

Step 401, MSE: 0.015463, Total Loss: 0.015463, Test Loss: 0.008134, GPU Memory: 0.063 GB

Evaluating at step 500...
After evaluation at step 500: GPU Memory - Allocated: 0.065 GB, Reserved: 6.162 GB, Max Allocated: 5.634 GB
Evaluation at step 500 completed.

Step 501, MSE: 0.017446, Total Loss: 0.017446, Test Loss: 0.006945, GPU Memory: 0.063 GB

Evaluating at step 600...
After evaluation at step 600: GPU Memory - Allocated: 0.065 GB, Reserved: 6.162 GB, Max Allocated: 5.634 GB
Evaluation at step 600 completed.

Step 601, MSE: 0.017107, Total Loss: 0.017107, Test Loss: 0.007666, GPU Memory: 0.063 GB

Evaluating at step 700...
After evaluation at step 700: GPU Memory - Allocated: 0.065 GB, Reserved: 6.162 GB, Max Allocated: 5.634 GB
Evaluation at step 700 completed.

Step 701, MSE: 0.016024, Total Loss: 0.016024, Test Loss: 0.006848, GPU Memory: 0.063 GB

Evaluating at step 800...
After evaluation at step 800: GPU Memory - Allocated: 0.065 GB, Reserved: 6.162 GB, Max Allocated: 5.634 GB
Evaluation at step 800 completed.

Step 801, MSE: 0.014646, Total Loss: 0.014646, Test Loss: 0.005753, GPU Memory: 0.063 GB

Evaluating at step 900...
After evaluation at step 900: GPU Memory - Allocated: 0.065 GB, Reserved: 6.162 GB, Max Allocated: 5.634 GB
Evaluation at step 900 completed.

Step 901, MSE: 0.013668, Total Loss: 0.013668, Test Loss: 0.007596, GPU Memory: 0.063 GB

Evaluating at step 1000...
After evaluation at step 1000: GPU Memory - Allocated: 0.065 GB, Reserved: 6.162 GB, Max Allocated: 5.634 GB
Evaluation at step 1000 completed.

Step 1001, MSE: 0.017116, Total Loss: 0.017116, Test Loss: 0.006610, GPU Memory: 0.063 GB

Evaluating at step 1100...
After evaluation at step 1100: GPU Memory - Allocated: 0.065 GB, Reserved: 6.162 GB, Max Allocated: 5.634 GB
Evaluation at step 1100 completed.

Step 1101, MSE: 0.014238, Total Loss: 0.014238, Test Loss: 0.005621, GPU Memory: 0.063 GB

Evaluating at step 1200...
After evaluation at step 1200: GPU Memory - Allocated: 0.065 GB, Reserved: 6.162 GB, Max Allocated: 5.634 GB
Evaluation at step 1200 completed.

Step 1201, MSE: 0.014175, Total Loss: 0.014175, Test Loss: 0.004580, GPU Memory: 0.063 GB

Evaluating at step 1300...
After evaluation at step 1300: GPU Memory - Allocated: 0.065 GB, Reserved: 6.162 GB, Max Allocated: 5.634 GB
Evaluation at step 1300 completed.

Step 1301, MSE: 0.014174, Total Loss: 0.014174, Test Loss: 0.005437, GPU Memory: 0.063 GB

Evaluating at step 1400...
After evaluation at step 1400: GPU Memory - Allocated: 0.065 GB, Reserved: 6.162 GB, Max Allocated: 5.634 GB
Evaluation at step 1400 completed.

Step 1401, MSE: 0.015971, Total Loss: 0.015971, Test Loss: 0.004772, GPU Memory: 0.063 GB

Evaluating at step 1500...
After evaluation at step 1500: GPU Memory - Allocated: 0.065 GB, Reserved: 6.162 GB, Max Allocated: 5.634 GB
Evaluation at step 1500 completed.

Step 1501, MSE: 0.016758, Total Loss: 0.016758, Test Loss: 0.004794, GPU Memory: 0.063 GB

Evaluating at step 1600...
After evaluation at step 1600: GPU Memory - Allocated: 0.065 GB, Reserved: 6.162 GB, Max Allocated: 5.634 GB
Evaluation at step 1600 completed.

Step 1601, MSE: 0.016661, Total Loss: 0.016661, Test Loss: 0.005650, GPU Memory: 0.063 GB

Evaluating at step 1700...
After evaluation at step 1700: GPU Memory - Allocated: 0.065 GB, Reserved: 6.162 GB, Max Allocated: 5.634 GB
Evaluation at step 1700 completed.

Step 1701, MSE: 0.015350, Total Loss: 0.015350, Test Loss: 0.004412, GPU Memory: 0.063 GB

Evaluating at step 1800...
After evaluation at step 1800: GPU Memory - Allocated: 0.065 GB, Reserved: 6.162 GB, Max Allocated: 5.634 GB
Evaluation at step 1800 completed.

Step 1801, MSE: 0.014466, Total Loss: 0.014466, Test Loss: 0.003950, GPU Memory: 0.063 GB

Evaluating at step 1900...
After evaluation at step 1900: GPU Memory - Allocated: 0.065 GB, Reserved: 6.162 GB, Max Allocated: 5.634 GB
Evaluation at step 1900 completed.

Step 1901, MSE: 0.013795, Total Loss: 0.013795, Test Loss: 0.005406, GPU Memory: 0.063 GB

Evaluating at step 2000...
After evaluation at step 2000: GPU Memory - Allocated: 0.065 GB, Reserved: 6.162 GB, Max Allocated: 5.634 GB
Evaluation at step 2000 completed.

Final: GPU Memory - Allocated: 0.065 GB, Reserved: 6.162 GB, Max Allocated: 5.634 GB
Final memory stats: {'initial': {'allocated_gb': 0.0626378059387207, 'reserved_gb': 0.095703125, 'max_allocated_gb': 0.0626378059387207}, 'final': {'allocated_gb': 0.06490850448608398, 'reserved_gb': 6.162109375, 'max_allocated_gb': 5.633764743804932}, 'peak': {'allocated_gb': 0.06490850448608398, 'reserved_gb': 6.162109375, 'max_allocated_gb': 5.633764743804932}}

Training completed!
After training: GPU Memory - Allocated: 0.063 GB, Reserved: 0.078 GB, Max Allocated: 5.634 GB

Memory Summary:
  Initial: 0.063 GB
  Final: 0.065 GB
  Peak: 5.634 GB
  Memory increase: 0.002 GB
Saved result to: outputs/mlp_sweep/results/block_50_noise_0.1_loss_all_mlp_mult_16_seed_1.npz
Run finished: 2026-07-26T11:38:02
